
err_group_by_unhashable_key.em:18  A dictionary cannot be keyed by List<Int>.

   18 | print(Deck().group_by { n => [n] })

  A List<Int> can be changed after it is stored, so what it holds cannot be part of how something is found again. Int, Float, String, Bool, an enum, an object, or a struct of those.
