
err_escaped_self_reaches_an_override.em:23  self cannot be passed out of a constructor.

   23 |         into.record(self)

  The object is not finished being built, so whatever receives it can read fields that hold nothing.
  Hand it over once construction is done, from the code that built it.

  emerald explain
