qualified
bare
Unhandled exception. System.ArgumentOutOfRangeException: Index was out of range. Must be non-negative and less than the size of the collection. (Parameter 'index')
   at System.Collections.Generic.List`1.get_Item(Int32 index)
   at Emerald.Builtins.<>c.<.cctor>b__28_2(List`1 args) in /mnt/c/Users/agm20/Workspace/emerald-lang/src/Emerald/Builtins.cs:line 143
   at Emerald.Builtins.InvokeMethod(Interpreter interpreter, Object target, String name, List`1 args) in /mnt/c/Users/agm20/Workspace/emerald-lang/src/Emerald/Builtins.cs:line 204
   at Emerald.Interpreter.EvaluateCall(Call c, Env env) in /mnt/c/Users/agm20/Workspace/emerald-lang/src/Emerald/Interpreter.cs:line 1136
   at Emerald.Interpreter.Evaluate(Expr expr, Env env) in /mnt/c/Users/agm20/Workspace/emerald-lang/src/Emerald/Interpreter.cs:line 893
   at Emerald.Interpreter.EvaluateBinary(Binary b, Env env) in /mnt/c/Users/agm20/Workspace/emerald-lang/src/Emerald/Interpreter.cs:line 1000
   at Emerald.Interpreter.Evaluate(Expr expr, Env env) in /mnt/c/Users/agm20/Workspace/emerald-lang/src/Emerald/Interpreter.cs:line 886
   at Emerald.Interpreter.<>c__DisplayClass41_0.<EvaluateCall>b__0(Expr a) in /mnt/c/Users/agm20/Workspace/emerald-lang/src/Emerald/Interpreter.cs:line 1139
   at System.Linq.Enumerable.ListSelectIterator`2.Fill(ReadOnlySpan`1 source, Span`1 destination, Func`2 func)
   at System.Linq.Enumerable.ListSelectIterator`2.ToList()
   at Emerald.Interpreter.EvaluateCall(Call c, Env env) in /mnt/c/Users/agm20/Workspace/emerald-lang/src/Emerald/Interpreter.cs:line 1139
   at Emerald.Interpreter.Evaluate(Expr expr, Env env) in /mnt/c/Users/agm20/Workspace/emerald-lang/src/Emerald/Interpreter.cs:line 893
   at Emerald.Interpreter.ExecuteExpressionStatement(ExprStmt statement, Env env) in /mnt/c/Users/agm20/Workspace/emerald-lang/src/Emerald/Interpreter.cs:line 437
   at Emerald.Interpreter.Execute(Stmt stmt, Env env) in /mnt/c/Users/agm20/Workspace/emerald-lang/src/Emerald/Interpreter.cs:line 242
   at Emerald.Interpreter.Run(List`1 program) in /mnt/c/Users/agm20/Workspace/emerald-lang/src/Emerald/Interpreter.cs:line 44
   at Program.<Main>$(String[] args) in /mnt/c/Users/agm20/Workspace/emerald-lang/src/Emerald/Program.cs:line 75
