{
  "jsonrpc": "2.0",
  "id": 1,
  "result": [
    {
      "label": "to_string",
      "kind": 2,
      "detail": "to_string(): String",
      "documentation": "`\"true\"` or `\"false\"`, exactly as `print` shows it.",
      "insertText": "to_string()",
      "insertTextFormat": 1
    },
    {
      "label": "type_name",
      "kind": 10,
      "detail": "type_name: String",
      "documentation": "The name of the value's type, as Emerald writes it, such as `Int` or `List[Int]`.",
      "insertText": null,
      "insertTextFormat": 1
    }
  ]
}
