{
  "jsonrpc": "2.0",
  "id": 1,
  "result": [
    {
      "label": "type_name",
      "kind": 10,
      "detail": "type_name: String",
      "documentation": "The name of the value's type, as Emerald writes it, such as `Int` or `List[Int]`.",
      "insertText": null,
      "insertTextFormat": 1
    }
  ]
}
