{
  "jsonrpc": "2.0",
  "id": 1,
  "result": {
    "contents": {
      "kind": "markdown",
      "value": "```emerald\nFile.read(path: String): String\n```\n\nThe whole file as one `String`, line breaks included.\n\n[Read more](https://emerald-lang.web.app/docs/library/files/file/#read)"
    },
    "range": {
      "start": {
        "line": 0,
        "character": 6
      },
      "end": {
        "line": 0,
        "character": 28
      }
    }
  }
}
