{
  "jsonrpc": "2.0",
  "id": 1,
  "result": {
    "contents": {
      "kind": "markdown",
      "value": "```emerald\nFile.exists?(path: String): Bool\n```\n\nWhether there is a file at `path`.\n\n[Read more](https://emerald-lang.web.app/docs/library/files/file/#exists)"
    },
    "range": {
      "start": {
        "line": 0,
        "character": 6
      },
      "end": {
        "line": 0,
        "character": 31
      }
    }
  }
}
