{
  "jsonrpc": "2.0",
  "id": 1,
  "result": {
    "contents": {
      "kind": "markdown",
      "value": "```emerald\nmonth: Int\n```\n\n[Read more](https://emerald-lang.web.app/docs/library/dates-and-times/date/#parts)"
    },
    "range": {
      "start": {
        "line": 0,
        "character": 6
      },
      "end": {
        "line": 0,
        "character": 29
      }
    }
  }
}
