{
  "jsonrpc": "2.0",
  "id": 1,
  "result": [
    {
      "label": "answer",
      "kind": 2,
      "detail": "answer(): Int",
      "documentation": "The child's answer.",
      "insertText": "answer()",
      "insertTextFormat": 1
    },
    {
      "label": "greet",
      "kind": 2,
      "detail": "greet(): String",
      "documentation": "The parent's greeting.",
      "insertText": "greet()",
      "insertTextFormat": 1
    },
    {
      "label": "name",
      "kind": 5,
      "detail": "name: String",
      "documentation": null,
      "insertText": null,
      "insertTextFormat": 1
    },
    {
      "label": "type_name",
      "kind": 10,
      "detail": "type_name: String",
      "documentation": "The name of the value's type, as Emerald writes it, such as `Int` or `List[Int]`.",
      "insertText": null,
      "insertTextFormat": 1
    }
  ]
}
