{
  "jsonrpc": "2.0",
  "id": 1,
  "result": {
    "contents": {
      "kind": "markdown",
      "value": "```emerald\nPath.join(parts: List[String]): String\n```\n\nThe parts put together with a separator between each.\n\n[Read more](https://emerald-lang.web.app/docs/library/files/path/#join)"
    },
    "range": {
      "start": {
        "line": 0,
        "character": 6
      },
      "end": {
        "line": 0,
        "character": 41
      }
    }
  }
}
