{
  "jsonrpc": "2.0",
  "id": 1,
  "result": {
    "contents": {
      "kind": "markdown",
      "value": "```emerald\nprint(values: Any...): Nothing\n```\n\nShows each value, separated by a space, then ends the line.\n\n[Read more](https://emerald-lang.web.app/docs/builtins/functions/print/#print)"
    },
    "range": {
      "start": {
        "line": 0,
        "character": 0
      },
      "end": {
        "line": 0,
        "character": 8
      }
    }
  }
}
