{
  "jsonrpc": "2.0",
  "id": 1,
  "result": [
    {
      "title": "Replace with `override`",
      "kind": "quickfix",
      "diagnostics": [
        {
          "range": {
            "start": {
              "line": 4,
              "character": 4
            },
            "end": {
              "line": 4,
              "character": 12
            }
          },
          "severity": 1,
          "message": "`@overide` is not an annotation",
          "data": {
            "replacement": {
              "range": {
                "start": {
                  "line": 4,
                  "character": 5
                },
                "end": {
                  "line": 4,
                  "character": 12
                }
              },
              "newText": "override"
            },
            "oldText": "overide",
            "revision": 1
          }
        }
      ],
      "isPreferred": true,
      "edit": {
        "documentChanges": [
          {
            "textDocument": {
              "uri": "file:///document.em",
              "version": null
            },
            "edits": [
              {
                "range": {
                  "start": {
                    "line": 4,
                    "character": 5
                  },
                  "end": {
                    "line": 4,
                    "character": 12
                  }
                },
                "newText": "override"
              }
            ]
          }
        ]
      }
    }
  ]
}
