{
  "jsonrpc": "2.0",
  "id": 1,
  "result": {
    "signatures": [
      {
        "label": "Math.sin(radians: Float): Float",
        "documentation": "The sine of an angle in radians.",
        "parameters": [
          {
            "label": "radians: Float"
          }
        ],
        "activeParameter": 0
      }
    ],
    "activeSignature": 0,
    "activeParameter": 0
  }
}
