{
  "jsonrpc": "2.0",
  "id": 1,
  "result": {
    "signatures": [
      {
        "label": "Path.join(parts: List[String]): String",
        "documentation": null,
        "parameters": [
          {
            "label": "parts: List[String]"
          }
        ],
        "activeParameter": 0
      }
    ],
    "activeSignature": 0,
    "activeParameter": 0
  }
}
