{
  "jsonrpc": "2.0",
  "id": 1,
  "result": {
    "signatures": [
      {
        "label": "File.write(path: String, contents: String): Nothing",
        "documentation": null,
        "parameters": [
          {
            "label": "path: String"
          },
          {
            "label": "contents: String"
          }
        ],
        "activeParameter": 0
      }
    ],
    "activeSignature": 0,
    "activeParameter": 0
  }
}
