{
  "jsonrpc": "2.0",
  "id": 1,
  "result": {
    "signatures": [
      {
        "label": "add(left: Int, right: Int): Int",
        "documentation": null,
        "parameters": [
          {
            "label": "left: Int"
          },
          {
            "label": "right: Int"
          }
        ],
        "activeParameter": 1
      }
    ],
    "activeSignature": 0,
    "activeParameter": 1
  }
}
