{
  "jsonrpc": "2.0",
  "id": 1,
  "result": {
    "signatures": [
      {
        "label": "P(x: Int, y: Int): P",
        "documentation": null,
        "parameters": [
          {
            "label": "x: Int"
          },
          {
            "label": "y: Int"
          }
        ],
        "activeParameter": 1
      }
    ],
    "activeSignature": 0,
    "activeParameter": 1
  }
}
