{
  "jsonrpc": "2.0",
  "id": 1,
  "result": {
    "signatures": [
      {
        "label": "Outer.Inner(value: Int): Outer.Inner",
        "documentation": null,
        "parameters": [
          {
            "label": "value: Int"
          }
        ],
        "activeParameter": 0
      }
    ],
    "activeSignature": 0,
    "activeParameter": 0
  }
}
