{
  "jsonrpc": "2.0",
  "id": 1,
  "result": {
    "contents": {
      "kind": "markdown",
      "value": "```emerald\nadd_one(value: Int): Int\n```\n\nAdds one to `value`."
    },
    "range": {
      "start": {
        "line": 5,
        "character": 6
      },
      "end": {
        "line": 5,
        "character": 16
      }
    }
  }
}
