diagnostics/dictionary-unknown-member.em:2:16: Dict[String, Int] has no method `shout`
  print(["a": 1].shout())
                 ^^^^^
A dictionary is looked up with `[key]`, has `count`, and has methods including `contains_key?`, `keys`, `values`, `entries`, `remove`, `merge`, `map_values`, `filter`, `each`, and `map`; the Dict reference lists them all.
