diagnostics/dictionary-unknown-member.em:2:16: Dict[String, Int] has no method `shout`
  print(["a": 1].shout())
                 ^^^^^
Known Dict members include `type_name`, `count`, `empty?`, `contains_key?`, `contains_value?`, `keys`, `values`, `entries`, and others; see the Dict reference for the full list.
