diagnostics/forward-struct-key-field.em:2:18: Wrapper cannot be a dictionary key
      var labels: [Wrapper: String]
                   ^^^^^^^
A key must be a number, a `Bool`, a `String`, an enum value, or a tuple or struct made only from valid key types. Lists, other mutable collections, and class objects cannot be keys.
