diagnostics/set-unknown-member.em:3:14: Set[String] has no method `shout`
  print(colors.shout())
               ^^^^^
A set has `count`, and methods including `contains?`, `add`, `remove`, `union`, `intersection`, `difference`, `subset?`, `filter`, `each`, and `map`; the Set reference lists them all.
