diagnostics/string-unknown-member.em:2:17: String has no method `shout`
  print("Emerald".shout())
                  ^^^^^
A String has `count`, and methods including `empty?`, `chars`, `upper`, `lower`, `trim`, `contains?`, `substring`, `split`, `lines`, `replace`, and `to_bytes`; the String reference lists them all.
