diagnostics/top-level-return.em:6:1: warning: this code can never run
  return "value"
  ^^^^^^^^^^^^^^
Every path above it already returns, raises, breaks, or continues. Remove it, or move it earlier.
diagnostics/top-level-return.em:6:8: a top-level `return` cannot return a value
  return "value"
         ^^^^^^^
It always ends the program successfully. Use `exit(code)` to choose a status.
