diagnostics/unhashable-struct-key.em:5:20: Bag cannot be a dictionary key
  const labels: Dict[Bag, String] = []
                     ^^^
A key must be a number, a `Bool`, a `String`, an enum value, or a tuple or struct made only from valid key types. Lists, other mutable collections, and class objects cannot be keys.
