runtime-errors/channel-receive-deadlock.em:4:5: DeadlockError: these tasks are waiting for each other
      waiting.result()
      ^^^^^^^^^^^^^^^^
At `runtime-errors/channel-receive-deadlock.em:4`, the group is waiting for the task started at `runtime-errors/channel-receive-deadlock.em:3`.
At `runtime-errors/channel-receive-deadlock.em:3`, a task is waiting to receive from channel 1.
Check the task results they wait for.
in a block, called at runtime-errors/channel-receive-deadlock.em:2:1
