runtime-errors/file-write-directory.em:1:1: FileError: could not write `conformance/runtime-errors/directory-not-empty`
  File.write("conformance/runtime-errors/directory-not-empty", "text")
  ^^^^^^^^^^^^^^^^^^^^^^^^^^^^^^^^^^^^^^^^^^^^^^^^^^^^^^^^^^^^^^^^^^^^
Check that the path exists and that this program may access it.
