runtime-errors/task-self-wait.em:8:38: DeadlockError: these tasks are waiting for each other
      const waiting = tasks.start { => slot.current.or(fallback).result() }
                                       ^^^^^^^^^^^^^^^^^^^^^^^^^^^^^^^^^^
At `runtime-errors/task-self-wait.em:10`, the group is waiting for the task started at `runtime-errors/task-self-wait.em:8`.
At `runtime-errors/task-self-wait.em:8`, a task is waiting for the task started at `runtime-errors/task-self-wait.em:8`.
Check the task results they wait for.
in a block, called at runtime-errors/task-self-wait.em:8:21
