



Zg==
f
Zg
f
Zm8=
fo
Zm8
fo
Zm9v
foo
Zm9v
foo
Zm9vYg==
foob
Zm9vYg
foob
Zm9vYmE=
fooba
Zm9vYmE
fooba
Zm9vYmFy
foobar
Zm9vYmFy
foobar
foobar
true
Base64 text ends partway through a group: it has 1 character too many, or is missing some
Base64 text has `=` at index 4, before its end
Base64 text has `-` at index 4, which belongs to URL-safe Base64
Base64 text's last character, `B` at index 2, is not a possible final character; write `A` instead
Base64 text's last character, `B` at index 2, is not a possible final character; write `A` instead
Base64 text has `é` at index 4, which is not a Base64 character
Base64 text ends with 1 `=`, but its last group needs 2
Base64 text ends with 3 `=`, but its last group is already complete and needs none
Base64 text ends with 1 `=`, but its last group is already complete and needs none
Base64 text has `+` at index 4, which belongs to standard Base64
foobar
f
