┌────────┬────────┬───────┐
│ name   │ points │ ratio │
├────────┼────────┼───────┤
│ Ada    │    120 │   2.5 │
│ Grace  │     95 │       │
│ Hopper │     88 │  10.0 │
└────────┴────────┴───────┘
┌──────┬────────┬───────┐
│ name │ points │ ratio │
├──────┼────────┼───────┤
└──────┴────────┴───────┘
