3.5 0.0
3.0 1.0 2.5
true true false false
true true true true
-3 -2 -3 3
-2 -2
12.35 -12.35 130.0
1.25 -0.0
true false true true
false false false
true true
false false false true true
1.5 Infinity true
Int Float
Float Float
12.50 12 12.5
1,234,567.89 1,234,567.5
-1,234,567.89
NaN Infinity -Infinity
2.5 3
