[apples, pears,,plums] ["apples", " pears", "", "plums"]   apples, pears,,plums  
[apples, pears,,plums  ] [  apples, pears,,plums]
true true true
["one", "two", "three"] ["a", "b", "c"] ababab desserts
[101, 769, 128075] [195, 169]
a + b + c ell llo
caf!é caf
happy happy play play
balon
left :: right whole [] []
---hi hi--- -hi--
  hi 🙂👋🙂🙂
true true false
43 2.5 0 7!
abc 3
