Animal true false false false
Dog true true false false
Rex fetches
Puppy true true true false
Pup fetches
Cat true false false true
Rex knows 1 trick(s) / Tom is not a dog
Rex fetches / Generic knows no tricks / no one
false true Nothing
Int Float String Bool Nothing
[Int] [String: Int] (Int, String)
(Cat, Int) true false
func(Int): Int true
Int true false
evaluated
true
0
Current knows 0 trick(s)
Tom is not a dog
