
conformance_exceptions.em:35  warning: This catch can never run — the one on line 33 already handles Deeper.

   35 | } catch e: Deeper {

  Put the narrower error first, or remove this one.
before 1
caught as NotFound: deep 1
first clause won: ordering
outer caught: inner
1
plain: plain text
assert was catchable
rethrow kept its type: rethrown
done
